// Jest Snapshot v1, https://goo.gl/fbAQLP

exports[`Input should match snapshot 1`] = `
<input
  class="input"
  data-testid="email-input"
  id="email"
  placeholder="Email address"
  type="email"
  value=""
/>
`;
