// Jest Snapshot v1, https://goo.gl/fbAQLP

exports[`Link component should match with snapshot 1`] = `"link"`;
